// Jest Snapshot v1, https://goo.gl/fbAQLP

exports[`Counter should render content correctly 1`] = `"<div><span class=\\"counter\\">1</span> <button>Click to Increment</button></div>"`;
